// Jest Snapshot v1, https://goo.gl/fbAQLP

exports[`FAIcon should match snapshot 1`] = `
<RNCSafeAreaProvider
  onInsetsChange={[Function]}
  style={
    Array [
      Object {
        "flex": 1,
      },
      undefined,
    ]
  }
>
  <Text
    allowFontScaling={false}
    dataSet={Object {}}
    selectable={false}
    style={
      Array [
        Object {
          "color": undefined,
          "fontSize": 12,
        },
        Object {
          "color": "#B2D0C6",
          "fontSize": 16,
          "height": 16,
          "lineHeight": 16,
          "width": 16,
        },
        Object {
          "fontFamily": undefined,
          "fontStyle": "normal",
          "fontWeight": "normal",
        },
        Object {},
      ]
    }
  >
    
  </Text>
</RNCSafeAreaProvider>
`;
