// Jest Snapshot v1, https://goo.gl/fbAQLP

exports[`FASelect should match snapshot 1`] = `
<RNCSafeAreaProvider
  onInsetsChange={[Function]}
  style={
    Array [
      Object {
        "flex": 1,
      },
      undefined,
    ]
  }
>
  <View
    accessibilityRole="button"
    accessible={true}
    collapsable={false}
    dataSet={Object {}}
    focusable={true}
    onBlur={[Function]}
    onClick={[Function]}
    onFocus={[Function]}
    onResponderGrant={[Function]}
    onResponderMove={[Function]}
    onResponderRelease={[Function]}
    onResponderTerminate={[Function]}
    onResponderTerminationRequest={[Function]}
    onStartShouldSetResponder={[Function]}
    style={Object {}}
  >
    <View
      dataSet={Object {}}
      isFocused={false}
      style={
        Object {
          "alignItems": "center",
          "borderColor": "#6287A2",
          "borderRadius": 8,
          "borderWidth": 1,
          "flexDirection": "row",
          "overflow": "hidden",
        }
      }
    >
      <TextInput
        accessible={true}
        aria-hidden={true}
        dataSet={Object {}}
        editable={false}
        focusable={false}
        importantForAccessibility="no"
        onBlur={[Function]}
        onFocus={[Function]}
        onKeyPress={[Function]}
        placeholderTextColor="#a3a3a3"
        pointerEvents="none"
        secureTextEntry={false}
        selection={
          Object {
            "start": 0,
          }
        }
        selectionColor="#1f2937"
        style={
          Object {
            "backgroundColor": "transparent",
            "color": "#6287A2",
            "flex": 1,
            "fontFamily": undefined,
            "fontSize": 14,
            "fontStyle": "normal",
            "fontWeight": "400",
            "height": "100%",
            "paddingBottom": 8,
            "paddingLeft": 12,
            "paddingRight": 12,
            "paddingTop": 8,
            "width": "100%",
          }
        }
        value=""
      />
      <View
        dataSet={Object {}}
        style={Object {}}
      />
      <RNSVGSvgView
        accessibilityRole="image"
        align="xMidYMid"
        bbHeight={16}
        bbWidth={16}
        color={-5058362}
        dataSet={Object {}}
        focusable={false}
        meetOrSlice={0}
        minX={0}
        minY={0}
        stroke=""
        style={
          Array [
            Object {
              "backgroundColor": "transparent",
              "borderWidth": 0,
            },
            Object {
              "color": "#B2D0C6",
              "height": 16,
              "marginRight": 12,
              "width": 16,
            },
            Object {
              "flex": 0,
              "height": 16,
              "width": 16,
            },
          ]
        }
        tintColor={-5058362}
        vbHeight={24}
        vbWidth={24}
      >
        <RNSVGGroup
          propList={
            Array [
              "stroke",
            ]
          }
          stroke={null}
        >
          <RNSVGGroup>
            <RNSVGPath
              d="M20.2286 6L11.9973 14.3785L3.76862 6.00268L2 7.80293L12 18L22 7.80293L20.2286 6Z"
              fill={
                Array [
                  2,
                ]
              }
              propList={
                Array [
                  "fill",
                  "stroke",
                ]
              }
              stroke={null}
            />
          </RNSVGGroup>
        </RNSVGGroup>
      </RNSVGSvgView>
    </View>
  </View>
  <Modal
    animationType="slide"
    hardwareAccelerated={false}
    onRequestClose={[Function]}
    transparent={true}
    visible={false}
  />
</RNCSafeAreaProvider>
`;
